// Jest Snapshot v1, https://goo.gl/fbAQLP

exports[`should render correctly 1`] = `
<div
  className="container-fluid"
>
  <div
    className="row"
  >
    <div
      className="col-md-12"
    >
      <div
        className="row"
      >
        <div
          className="col-md-2 gallery mt-3"
        >
          <div
            className="directoryBox"
            onClick={[Function]}
            onKeyPress={[Function]}
            role="link"
            tabIndex={0}
          >
            <span
              className="folder"
            >
              <span
                className="file"
              />
            </span>
            <div
              className="title"
            >
              Another Video.mkv
            </div>
          </div>
        </div>
        <div
          className="col-md-2 gallery mt-3"
        >
          <div
            className="videoBox"
            onClick={[Function]}
            onKeyPress={[Function]}
            role="link"
            tabIndex={0}
          >
            <span
              className="videoContainer"
            >
              <i
                className="fa fa-camera-retro fa-5x"
                style={
                  Object {
                    "color": "#fff",
                  }
                }
              />
            </span>
            <div
              className="title"
            >
              Video_File
            </div>
          </div>
        </div>
      </div>
    </div>
    
  </div>
</div>
`;
